---Starting setup---

allocating ring buffer

bufferMutex created successfully

---finished setup---

Printing Task started

starting ADC Task on core: 1

Trigger at idx=499 raw=1068
Capture ready: pre-trigger + post-trigger window complete.

TRIGGER TYPE IS: RISING

Sample threshold is: 0


Core: 0, Trigger: 270, Size: 1000
START

361, 351, 351, 355, 361, 383, 394, 403, 412, 420, 
427, 432, 433, 434, 432, 423, 422, 422, 416, 422, 
412, 406, 409, 415, 428, 435, 441, 444, 449, 455, 
455, 460, 457, 459, 456, 452, 456, 455, 458, 462, 
456, 462, 470, 486, 497, 500, 503, 506, 508, 506, 
502, 496, 492, 477, 469, 467, 463, 465, 462, 462, 
468, 476, 491, 508, 513, 516, 521, 523, 524, 525, 
526, 528, 526, 520, 524, 523, 524, 526, 518, 517, 
520, 520, 535, 536, 533, 531, 536, 535, 537, 539, 
537, 536, 535, 539, 544, 548, 561, 563, 567, 577, 
585, 600, 611, 611, 607, 599, 590, 584, 578, 574, 
569, 566, 568, 580, 582, 590, 596, 595, 602, 609, 
617, 631, 632, 627, 624, 621, 621, 618, 622, 625, 
631, 634, 647, 658, 668, 681, 677, 675, 675, 673, 
675, 679, 674, 662, 661, 664, 668, 675, 686, 694, 
698, 703, 712, 711, 715, 716, 711, 712, 718, 723, 
740, 745, 746, 746, 749, 750, 751, 753, 759, 760, 
761, 768, 766, 771, 774, 766, 763, 765, 766, 778, 
784, 785, 784, 784, 785, 787, 792, 799, 808, 816, 
819, 834, 843, 852, 860, 850, 845, 841, 833, 840, 
840, 835, 831, 828, 831, 831, 836, 841, 853, 858, 
864, 872, 876, 879, 870, 857, 850, 848, 847, 864, 
867, 869, 872, 880, 892, 905, 917, 924, 931, 920, 
915, 909, 892, 884, 861, 847, 837, 835, 845, 856, 
866, 877, 894, 915, 937, 952, 960, 964, 964, 956, 
955, 949, 947, 942, 934, 927, 926, 932, 945, 959, 
964, 964, 972, 975, 986, 989, 993, 998, 998, 996, 

1001, 1004, 1012, 1017, 1014, 1013, 1016, 1019, 1044, 1059, 
1071, 1080, 1089, 1102, 1108, 1120, 1131, 1139, 1132, 1125, 
1124, 1119, 1122, 1115, 1112, 1114, 1126, 1150, 1168, 1187, 
1197, 1203, 1211, 1216, 1222, 1219, 1211, 1203, 1194, 1195, 
1195, 1200, 1208, 1206, 1216, 1230, 1246, 1270, 1290, 1301, 
1300, 1296, 1291, 1283, 1274, 1262, 1253, 1240, 1237, 1240, 
1248, 1256, 1263, 1262, 1267, 1275, 1283, 1298, 1304, 1302, 
1304, 1310, 1314, 1316, 1318, 1320, 1316, 1316, 1324, 1326, 
1336, 1339, 1334, 1336, 1342, 1350, 1358, 1359, 1353, 1348, 
1348, 1351, 1357, 1360, 1369, 1371, 1375, 1382, 1382, 1387, 
1392, 1390, 1397, 1413, 1430, 1456, 1476, 1486, 1491, 1495, 
1495, 1492, 1486, 1478, 1468, 1460, 1463, 1463, 1472, 1475, 
1481, 1490, 1504, 1520, 1548, 1553, 1559, 1555, 1552, 1552, 
1553, 1554, 1558, 1553, 1563, 1567, 1576, 1588, 1599, 1612, 
1615, 1615, 1612, 1609, 1611, 1612, 1607, 1594, 1583, 1582, 
1584, 1598, 1611, 1628, 1641, 1659, 1669, 1681, 1683, 1680, 
1684, 1679, 1674, 1681, 1690, 1711, 1728, 1729, 1726, 1720, 
1714, 1710, 1706, 1705, 1704, 1708, 1721, 1732, 1746, 1751, 
1755, 1759, 1750, 1745, 1747, 1750, 1767, 1777, 1779, 1779, 
1782, 1784, 1788, 1794, 1808, 1811, 1826, 1836, 1850, 1863, 
1865, 1872, 1864, 1852, 1835, 1833, 1836, 1849, 1855, 1860, 
1867, 1881, 1897, 1913, 1924, 1928, 1923, 1930, 1920, 1915, 
1911, 1904, 1902, 1899, 1898, 1914, 1924, 1955, 1985, 2000, 
2016, 2026, 2071, 2063, 2057, 2059, 2063, 2076, 2094, 2108, 
2106, 2103, 2102, 2104, 2111, 2118, 2126, 2124, 2128, 2135, 
2235, 2240, 2243, 2243, 2238, 2224, 2218, 2213, 2215, 2220, 
2222, 2224, 2236, 2253, 2279, 2302, 2313, 2315, 2313, 2311, 
2310, 2307, 2302, 2295, 2288, 2295, 2301, 2311, 2323, 2329, 
2336, 2345, 2356, 2374, 2390, 2392, 2383, 2372, 2366, 2355, 
2352, 2352, 2347, 2348, 2357, 2365, 2383, 2399, 2412, 2416, 
2447, 2444, 2443, 2441, 2437, 2439, 2452, 2462, 2473, 2480, 
2477, 2476, 2482, 2483, 2505, 2507, 2507, 2512, 2515, 2519, 
2515, 2521, 2524, 2526, 2528, 2526, 2520, 2522, 2529, 2545, 
2566, 2577, 2584, 2590, 2595, 2604, 2608, 2608, 2611, 2608, 
2610, 2623, 2630, 2639, 2647, 2636, 2636, 2636, 2647, 2652, 
2655, 2656, 2655, 2656, 2663, 2667, 2675, 2682, 2684, 2691, 
2700, 2707, 2716, 2718, 2711, 2707, 2710, 2708, 2713, 2715, 
2702, 2696, 2691, 2698, 2700, 2705, 2718, 2720, 2734, 2744, 
2752, 2765, 2771, 2767, 2771, 2776, 2784, 2809, 2823, 2832, 
2835, 2835, 2831, 2823, 2810, 2800, 2787, 2780, 2787, 2791, 
2803, 2815, 2817, 2828, 2839, 2849, 2867, 2877, 2875, 2875, 
2876, 2878, 2879, 2881, 2883, 2877, 2871, 2870, 2868, 2871, 
2871, 2871, 2879, 2891, 2915, 2939, 2951, 2966, 2964, 2963, 
2968, 2963, 2968, 2971, 2972, 2980, 2991, 3001, 3011, 3008, 
3004, 3001, 2998, 3004, 3007, 3008, 3006, 2999, 2996, 2995, 
3000, 3008, 3022, 3031, 3043, 3059, 3068, 3079, 3079, 3067, 
3055, 3047, 3041, 3040, 3040, 3036, 3036, 3043, 3054, 3064, 
3078, 3088, 3094, 3094, 3097, 3103, 3113, 3120, 3123, 3128, 
3136, 3141, 3155, 3153, 3147, 3132, 3121, 3116, 3111, 3118, 
3127, 3137, 3145, 3153, 3156, 3159, 3158, 3151, 3143, 3143, 
3142, 3162, 3177, 3188, 3192, 3193, 3203, 3208, 3215, 3224, 
3228, 3224, 3222, 3217, 3223, 3226, 3225, 3227, 3235, 3251, 
3282, 3299, 3312, 3315, 3310, 3299, 3292, 3288, 3291, 3296, 
3305, 3313, 3327, 3342, 3352, 3356, 3345, 3332, 3323, 3318, 
3321, 3331, 3335, 3335, 3337, 3348, 3359, 3371, 3384, 3393, 
3401, 3404, 3407, 3407, 3407, 3405, 3388, 3380, 3384, 3388, 
3414, 3433, 3440, 3443, 3443, 3445, 3444, 3447, 3452, 3458, 
3462, 3466, 3478, 3478, 3467, 3459, 3451, 3440, 3441, 3443, 
3433, 3431, 3436, 3443, 3462, 3476, 3495, 3511, 3518, 3526, 
3535, 3531, 3529, 3521, 3523, 3521, 3540, 3548, 3547, 3547, 
3550, 3545, 3552, 3552, 3550, 3552, 3545, 3552, 3563, 3566, 
3568, 3572, 3579, 3592, 3603, 3608, 3609, 3608, 3607, 3608, 
3612, 3618, 3625, 3628, 3628, 3637, 3641, 3651, 3657, 3651, 
3646, 3644, 3651, 3662, 3676, 3686, 3691, 3691, 3702, 3704, 
3710, 3711, 3711, 3708, 3703, 3704, 3699, 3701, 3699, 3684, 
3672, 3670, 3668, 3683, 3695, 3699, 3704, 3711, 3724, 3729, 
3743, 3756, 3766, 3772, 3782, 3799, 3804, 3808, 3804, 3791, 
3784, 3776, 3780, 3779, 3776, 3772, 3771, 3775, 3784, 3798, 
3812, 3825, 3832, 3835, 3843, 3846, 3849, 3849, 3843, 3832, 
3831, 3832, 3832, 3843, 3847, 3847, 3846, 3856, 3860, 3868, 
3881, 3891, 3895, 3902, 3909, 3913, 3910, 3911, 3916, 3924, 
3937, 3951, 3953, 3953, 3955, 3961, 3971, 3976, 3984, 3987, 
3990, 3988, 3987, 3980, 3973, 3964, 3953, 3948, 3953, 3952, 
END

