---Starting setup---
allocating ring buffer
bufferMutex created successfully
---finished setup---
Printing Task started
starting ADC Task on core: 1
Trigger at idx=1100 raw=2086
Capture ready: pre-trigger + post-trigger window complete.
TRIGGER TYPE IS: RISING
Sample threshold is: 2048

----DEBUG INFO----
Core: 0, Trigger: 1100, Size: 2048
START
2222, 2188, 2156, 2119, 2084, 2049, 2010, 1977, 1944, 1908, 
1875, 1843, 1808, 1776, 1744, 1712, 1681, 1652, 1623, 1596, 
1568, 1544, 1520, 1498, 1478, 1459, 1437, 1424, 1410, 1396, 
1385, 1374, 1367, 1361, 1359, 1356, 1356, 1356, 1361, 1366, 
1374, 1381, 1392, 1407, 1420, 1435, 1453, 1472, 1492, 1515, 
1539, 1563, 1589, 1616, 1646, 1674, 1706, 1736, 1770, 1800, 
1834, 1868, 1904, 1939, 1974, 2008, 2044, 2081, 2113, 2151, 
2185, 2220, 2254, 2288, 2320, 2355, 2385, 2416, 2446, 2474, 
2499, 2527, 2550, 2572, 2595, 2615, 2632, 2651, 2667, 2679, 
2693, 2703, 2712, 2716, 2719, 2727, 2728, 2728, 2726, 2721, 
2716, 2708, 2700, 2687, 2674, 2660, 2644, 2627, 2608, 2588, 
2566, 2542, 2515, 2488, 2462, 2434, 2404, 2372, 2343, 2310, 
2276, 2242, 2208, 2174, 2139, 2104, 2067, 2035, 1999, 1963, 
1929, 1891, 1860, 1823, 1792, 1758, 1728, 1696, 1667, 1636, 
1609, 1583, 1555, 1533, 1509, 1487, 1468, 1447, 1432, 1426, 
1406, 1393, 1383, 1375, 1369, 1363, 1361, 1361, 1362, 1365, 
1370, 1376, 1386, 1398, 1409, 1423, 1437, 1454, 1474, 1494, 
1515, 1540, 1562, 1590, 1616, 1645, 1674, 1704, 1736, 1765, 
1798, 1833, 1867, 1902, 1937, 1972, 2007, 2043, 2078, 2114, 
2150, 2187, 2220, 2254, 2288, 2321, 2355, 2386, 2417, 2443, 
2472, 2499, 2527, 2552, 2575, 2598, 2617, 2635, 2655, 2668, 
2684, 2696, 2707, 2713, 2721, 2728, 2732, 2735, 2735, 2735, 
2729, 2723, 2715, 2708, 2696, 2683, 2670, 2654, 2635, 2618, 
2596, 2575, 2551, 2529, 2496, 2474, 2446, 2417, 2384, 2355, 
2321, 2289, 2255, 2220, 2187, 2151, 2115, 2081, 2045, 2009, 
1972, 1940, 1905, 1870, 1835, 1802, 1770, 1740, 1706, 1678, 
1648, 1619, 1591, 1564, 1541, 1516, 1494, 1473, 1456, 1439, 
1427, 1411, 1398, 1392, 1377, 1372, 1368, 1363, 1363, 1364, 
1367, 1372, 1377, 1390, 1398, 1409, 1423, 1436, 1453, 1473, 
1489, 1512, 1537, 1559, 1587, 1614, 1640, 1670, 1700, 1733, 
1764, 1798, 1830, 1864, 1897, 1931, 1967, 2003, 2039, 2073, 
2109, 2144, 2179, 2215, 2248, 2283, 2318, 2347, 2382, 2410, 
2441, 2468, 2496, 2524, 2548, 2572, 2595, 2618, 2633, 2652, 
2669, 2681, 2695, 2707, 2718, 2727, 2732, 2742, 2739, 2736, 
2736, 2732, 2727, 2720, 2713, 2702, 2687, 2676, 2661, 2640, 
2623, 2604, 2583, 2556, 2533, 2508, 2483, 2453, 2423, 2394, 
2363, 2331, 2297, 2263, 2231, 2194, 2160, 2124, 2088, 2054, 
2018, 1981, 1945, 1913, 1876, 1843, 1810, 1777, 1744, 1712, 
1683, 1655, 1624, 1598, 1571, 1547, 1523, 1500, 1483, 1460, 
1440, 1424, 1415, 1401, 1390, 1380, 1372, 1371, 1364, 1364, 
1365, 1367, 1370, 1376, 1384, 1393, 1404, 1421, 1433, 1449, 
1468, 1490, 1509, 1532, 1555, 1582, 1609, 1635, 1667, 1695, 
1727, 1757, 1791, 1824, 1857, 1891, 1927, 1960, 1994, 2031, 
2066, 2103, 2138, 2172, 2207, 2243, 2276, 2311, 2343, 2375, 
2409, 2435, 2465, 2494, 2521, 2544, 2572, 2596, 2620, 2643, 
2662, 2675, 2688, 2703, 2714, 2721, 2732, 2736, 2736, 2736, 
2737, 2736, 2730, 2724, 2716, 2706, 2695, 2681, 2666, 2649, 
2632, 2615, 2593, 2571, 2547, 2520, 2495, 2467, 2437, 2411, 
2378, 2347, 2311, 2279, 2245, 2212, 2176, 2140, 2105, 2068, 
2030, 1996, 1962, 1924, 1892, 1860, 1825, 1792, 1760, 1729, 
1696, 1667, 1639, 1611, 1584, 1557, 1533, 1510, 1491, 1468, 
1449, 1433, 1420, 1406, 1395, 1383, 1378, 1371, 1368, 1364, 
1367, 1364, 1368, 1374, 1380, 1386, 1400, 1412, 1425, 1443, 
1459, 1478, 1499, 1521, 1546, 1570, 1596, 1623, 1651, 1682, 
1712, 1743, 1773, 1807, 1843, 1873, 1912, 1944, 1981, 2015, 
2051, 2087, 2121, 2159, 2191, 2228, 2263, 2296, 2331, 2360, 
2393, 2427, 2452, 2483, 2508, 2535, 2559, 2583, 2606, 2624, 
2643, 2659, 2675, 2689, 2701, 2712, 2723, 2726, 2731, 2739, 
2738, 2739, 2736, 2732, 2727, 2719, 2710, 2699, 2684, 2671, 
2655, 2636, 2617, 2596, 2573, 2551, 2527, 2496, 2473, 2445, 
2415, 2384, 2353, 2321, 2287, 2252, 2219, 2183, 2148, 2112, 
2076, 2042, 2006, 1971, 1932, 1900, 1867, 1833, 1801, 1767, 
1736, 1705, 1674, 1644, 1615, 1588, 1563, 1538, 1515, 1490, 
1473, 1454, 1438, 1424, 1410, 1398, 1387, 1378, 1373, 1367, 
1363, 1365, 1364, 1367, 1373, 1379, 1385, 1396, 1409, 1421, 
1440, 1457, 1474, 1495, 1518, 1540, 1565, 1589, 1618, 1645, 
1675, 1706, 1737, 1768, 1803, 1838, 1870, 1904, 1937, 1975, 
2007, 2043, 2079, 2115, 2150, 2185, 2222, 2255, 2289, 2323, 
2355, 2383, 2417, 2447, 2475, 2500, 2528, 2552, 2576, 2599, 
2619, 2638, 2657, 2672, 2687, 2698, 2711, 2720, 2726, 2733, 
2736, 2739, 2739, 2738, 2732, 2727, 2720, 2711, 2700, 2688, 
2675, 2659, 2641, 2623, 2600, 2582, 2559, 2532, 2505, 2480, 
2451, 2422, 2391, 2360, 2325, 2294, 2260, 2224, 2190, 2156, 
2119, 2084, 2049, 2009, 1979, 1943, 1908, 1873, 1840, 1807, 
1773, 1743, 1709, 1679, 1650, 1621, 1595, 1568, 1544, 1520, 
1496, 1478, 1458, 1439, 1425, 1411, 1401, 1390, 1380, 1374, 
1368, 1364, 1365, 1365, 1368, 1371, 1379, 1387, 1397, 1408, 
1420, 1435, 1451, 1470, 1491, 1513, 1535, 1559, 1585, 1613, 
1639, 1669, 1698, 1730, 1762, 1792, 1829, 1861, 1893, 1929, 
1964, 2001, 2036, 2070, 2108, 2143, 2179, 2214, 2247, 2282, 
2316, 2348, 2377, 2411, 2440, 2469, 2495, 2524, 2547, 2572, 
2595, 2617, 2635, 2654, 2671, 2684, 2697, 2708, 2716, 2724, 
2734, 2736, 2738, 2739, 2739, 2735, 2729, 2727, 2715, 2704, 
2691, 2678, 2662, 2646, 2627, 2608, 2584, 2559, 2539, 2511, 
2486, 2456, 2428, 2398, 2367, 2334, 2300, 2267, 2234, 2199, 
2164, 2127, 2093, 2057, 2019, 1984, 1950, 1912, 1880, 1848, 
1813, 1781, 1747, 1718, 1685, 1657, 1627, 1601, 1574, 1549, 
1526, 1502, 1484, 1464, 1446, 1429, 1414, 1403, 1392, 1382, 
1376, 1370, 1364, 1364, 1364, 1368, 1371, 1376, 1384, 1391, 
1406, 1416, 1431, 1447, 1467, 1487, 1507, 1527, 1553, 1580, 
1606, 1633, 1664, 1693, 1724, 1754, 1785, 1820, 1854, 1887, 
1924, 1958, 1994, 2030, 2064, 2100, 2136, 2172, 2206, 2241, 
2275, 2308, 2340, 2372, 2404, 2435, 2462, 2491, 2516, 2544, 
2567, 2590, 2611, 2630, 2648, 2665, 2681, 2695, 2707, 2716, 
2725, 2727, 2736, 2739, 2739, 2739, 2736, 2729, 2725, 2716, 
2704, 2688, 2672, 2655, 2635, 2612, 2589, 2556, 2532, 2503, 
2473, 2440, 2406, 2369, 2333, 2297, 2258, 2220, 2180, 2137, 
2099, 2057, 2016, 1976, 1937, 1895, 1858, 1816, 1779, 1743, 
1704, 1671, 1635, 1603, 1571, 1543, 1516, 1494, 1467, 1447, 
1427, 1411, 1397, 1387, 1376, 1369, 1367, 1364, 1363, 1367, 
1372, 1380, 1389, 1406, 1423, 1438, 1460, 1482, 1505, 1534, 
1560, 1591, 1622, 1657, 1692, 1727, 1765, 1811, 1843, 1881, 
1922, 1961, 2002, 2044, 2086, 2127, 2638, 2622, 2601, 2585, 
2560, 2537, 2513, 2484, 2459, 2429, 2399, 2367, 2336, 2300, 
2266, 2231, 1771, 1737, 1705, 1672, 1642, 1611, 1583, 1553, 
1530, 1504, 1481, 1461, 1439, 1423, 1408, 1393, 1382, 1371, 
1363, 1358, 1353, 1352, 1352, 1355, 1359, 1366, 1375, 1382, 
1396, 1412, 1427, 1447, 1465, 1487, 1510, 1536, 1563, 1590, 
1618, 1652, 1683, 1716, 1749, 1783, 1817, 1853, 1891, 1927, 
1963, 2000, 2038, 2076, 2111, 2152, 2188, 2225, 2263, 2295, 
END
2332, 2364, 2398, 2425, 2461, 2488, 2515, 2544, 2567, 2590, 
2611, 2628, 2649, 2663, 2678, 2690, 2700, 2708, 2719, 2718, 
2714, 2707, 2699, 2689, 2675, 2662, 2648, 2627, 2608, 2587, 
2563, 2543, 2515, 2484, 2456, 2425, 2396, 2363, 2329, 2295, 
2259, 2224, 2187, 2150, 2112, 2076, 2038, 2000, 1962, 1926, 
1888, 1853, 1817, 1783, 1747, 1716, 1681, 1651, 1620, 1594, 
1566, 1539, 1512, 1489, 1468, 1451, 1430, 1418, 1400, 1390, 
1378, 1371, 1364, 1363, 1359, 1360, 1361, 1366, 1374, 1381, 
1390, 1406, 1418, 1434, 1455, 1472, 1494, 1518, 1543, 1570, 
1598, 1627, 1659, 1688, 1724, 1759, 1790, 1826, 1862, 1896, 
1934, 1971, 2008, 2047, 2084, 2120, 2159, 2195, 2233, 2270, 
2303, 2339, 2373, 2404, 2435, 2468, 2496, 2524, 2550, 2575, 
2599, 2620, 2637, 2657, 2673, 2687, 2698, 2707, 2716, 2721, 
2729, 2732, 2731, 2728, 2726, 2720, 2711, 2700, 2688, 2674, 
2660, 2640, 2623, 2601, 2577, 2553, 2531, 2499, 2473, 2444, 
2412, 2379, 2344, 2311, 2275, 2240, 2204, 2166, 2128, 2091, 
2053, 2015, 1979, 1939, 1905, 1867, 1832, 1797, 1763, 1728, 
1696, 1665, 1634, 1604, 1575, 1548, 1523, 1500, 1477, 1456, 
1439, 1423, 1408, 1395, 1384, 1375, 1369, 1364, 1362, 1362, 
1362, 1366, 1374, 1381, 1390, 1404, 1417, 1432, 1449, 1470, 
1491, 1515, 1538, 1564, 1591, 1621, 1651, 1683, 1715, 1749, 
1783, 1818, 1855, 1890, 1924, 1965, 2001, 2040, 2076, 2114, 
2152, 2188, 2227, 2264, 2300, 2332, 2367, 2400, 2431, 2463, 
2491, 2520, 2545, 2571, 2596, 2616, 2636, 2656, 2672, 2684, 
2700, 2712, 2719, 2726, 2732, 2734, 2734, 2735, 2728, 2723, 
2716, 2707, 2696, 2681, 2667, 2652, 2631, 2611, 2588, 2564, 
2537, 2511, 2484, 2452, 2424, 2391, 2359, 2323, 2288, 2252, 
2217, 2179, 2140, 2105, 2066, 2029, 1991, 1953, 1919, 1880, 
1844, 1809, 1773, 1740, 1707, 1676, 1644, 1613, 1585, 1558, 
1532, 1507, 1485, 1466, 1447, 1428, 1412, 1399, 1388, 1379, 
1371, 1365, 1363, 1363, 1363, 1366, 1372, 1379, 1388, 1399, 
1412, 1427, 1445, 1465, 1487, 1508, 1534, 1557, 1585, 1614, 
1644, 1676, 1708, 1742, 1774, 1809, 1845, 1880, 1920, 1954, 
1991, 2028, 2065, 2104, 2143, 2179, 2218, 2254, 2290, 2323, 
2360, 2392, 2423, 2455, 2484, 2513, 2539, 2567, 2593, 2617, 
2643, 2662, 2678, 2691, 2703, 2712, 2722, 2730, 2732, 2736, 
2736, 2733, 2729, 2721, 2712, 2703, 2691, 2678, 2662, 2644, 
2625, 2604, 2582, 2556, 2529, 2502, 2472, 2444, 2412, 2379, 
2345, 2311, 2275, 2240, 2205, 2167, 2127, 2092, 2052, 2015, 
1977, 1939, 1903, 1867, 1832, 1796, 1761, 1729, 1695, 1664, 
1632, 1603, 1575, 1547, 1523, 1499, 1479, 1457, 1439, 1424, 
1408, 1398, 1385, 1377, 1368, 1367, 1364, 1363, 1363, 1369, 
1375, 1384, 1394, 1404, 1419, 1436, 1451, 1472, 1494, 1518, 
1543, 1567, 1597, 1625, 1656, 1688, 1720, 1753, 1788, 1823, 
1859, 1895, 1933, 1969, 2006, 2046, 2082, 2119, 2156, 2195, 
2232, 2266, 2303, 2338, 2372, 2406, 2436, 2469, 2495, 2524, 
2550, 2575, 2599, 2620, 2639, 2659, 2675, 2687, 2703, 2712, 
2721, 2727, 2732, 2735, 2735, 2735, 2729, 2723, 2716, 2707, 
2694, 2680, 2668, 2651, 2630, 2611, 2588, 2564, 2537, 2510, 
2483, 2451, 2422, 2389, 2356, 2320, 2287, 2251, 2214, 2178, 
2139, 2102, 2063, 2026, 1990, 1951, 1915, 1877, 1841, 1806, 
1771, 1739, 1705, 1672, 1642, 1612, 1584, 1555, 1531, 1506, 
1484, 1464, 1444, 1427, 1414, 1400, 1388, 1379, 1375, 1367, 
1365, 1362, 1364, 1367, 1372, 1381, 1392, 1403, 1416, 1431, 
1447, 1467, 1489, 1511, 1536, 1560, 1589, 1617, 1647, 1679, 
1710, 1745, 1778, 1813, 1848, 1884, 1922, 1957, 1995, 2033, 
2070, 2108, 2146, 2183, 2220, 2258, 2293, 2328, 2360, 2397, 
2428, 2460, 2488, 2516, 2544, 2567, 2593, 2617, 2636, 2654, 
2670, 2684, 2697, 2710, 2719, 2727, 2733, 2736, 2736, 2736, 
2733, 2727, 2719, 2711, 2700, 2687, 2670, 2654, 2634, 2616, 
2592, 2571, 2545, 2519, 2492, 2460, 2430, 2397, 2366, 2330, 
2296, 2261, 2224, 2187, 2150, 2113, 2074, 2038, 1999, 1963, 
1925, 1887, 1852, 1820, 1782, 1746, 1715, 1681, 1651, 1619, 
1592, 1564, 1538, 1514, 1490, 1469, 1449, 1432, 1416, 1401, 
1392, 1381, 1375, 1369, 1364, 1363, 1364, 1365, 1372, 1376, 
1388, 1398, 1410, 1425, 1441, 1460, 1483, 1503, 1528, 1552, 
1581, 1608, 1638, 1670, 1701, 1736, 1768, 1803, 1839, 1873, 
1912, 1948, 1987, 2020, 2060, 2099, 2136, 2173, 2211, 2247, 
2284, 2319, 2355, 2387, 2419, 2451, 2480, 2508, 2537, 2561, 
2587, 2609, 2629, 2648, 2667, 2681, 2695, 2707, 2716, 2726, 
2731, 2736, 2736, 2736, 2735, 2728, 2723, 2715, 2704, 2691, 
2675, 2660, 2643, 2623, 2601, 2579, 2553, 2528, 2497, 2469, 
2440, 2407, 2375, 2341, 2306, 2271, 2235, 2198, 2162, 2121, 
2086, 2047, 2009, 1973, 1934, 1899, 1863, 1827, 1792, 1756, 
1724, 1689, 1659, 1628, 1599, 1571, 1548, 1519, 1496, 1475, 
1455, 1436, 1423, 1408, 1394, 1384, 1375, 1369, 1367, 1364, 
1363, 1367, 1369, 1376, 1385, 1395, 1408, 1422, 1438, 1456, 
1476, 1497, 1521, 1546, 1572, 1600, 1630, 1660, 1692, 1724, 
1758, 1792, 1827, 1864, 1900, 1936, 1975, 2012, 2049, 2087, 
2124, 2163, 2199, 2236, 2272, 2307, 2342, 2376, 2411, 2440, 
2471, 2499, 2529, 2555, 2579, 2604, 2624, 2643, 2663, 2679, 
2691, 2704, 2713, 2723, 2730, 2732, 2736, 2736, 2732, 2729, 
2724, 2717, 2707, 2695, 2680, 2665, 2647, 2627, 2608, 2584, 
2559, 2534, 2506, 2479, 2448, 2417, 2383, 2351, 2315, 2281, 
2246, 2208, 2172, 2134, 2096, 2058, 2020, 1984, 1945, 1918, 
1872, 1838, 1801, 1765, 1731, 1699, 1670, 1636, 1607, 1578, 
1551, 1527, 1503, 1481, 1461, 1440, 1425, 1411, 1397, 1387, 
1377, 1372, 1366, 1363, 1364, 1363, 1369, 1375, 1383, 1391, 
1404, 1417, 1433, 1451, 1471, 1491, 1512, 1539, 1564, 1592, 
1620, 1651, 1683, 1716, 1747, 1784, 1819, 1855, 1889, 1927, 
1964, 2000, 2040, 2076, 2115, 2151, 2188, 2226, 2261, 2299, 
2335, 2367, 2400, 2433, 2463, 2494, 2520, 2547, 2703, 2712, 
2721, 2727, 2732, 2735, 2732, 2730, 2727, 2719, 2711, 2701, 
2687, 2675, 2659, 2640, 2620, 2599, 2575, 2552, 2526, 2496, 
2468, 2439, 2407, 2372, 2341, 2304, 2271, 2236, 
Manual trigger reset! Waiting for next signal...
reset bools done, waiting for next trigger...
Trigger at idx=1121 raw=2076
Capture ready: pre-trigger + post-trigger window complete.
TRIGGER TYPE IS: RISING
Sample threshold is: 2048
Core: 0, Trigger: 1121, Size: 2048
START
2331, 2295, 2263, 2230, 2196, 2161, 2125, 2091, 2054, 2019, 
1984, 1950, 1915, 1880, 1847, 1813, 1779, 1750, 1720, 1687, 
1656, 1629, 1600, 1574, 1548, 1525, 1501, 1482, 1463, 1444, 
1427, 1413, 1399, 1390, 1376, 1370, 1363, 1359, 1358, 1358, 
1358, 1361, 1367, 1376, 1383, 1395, 1407, 1419, 1438, 1452, 
1472, 1494, 1516, 1537, 1563, 1588, 1616, 1646, 1674, 1705, 
1736, 1769, 1801, 1834, 1868, 1903, 1939, 1975, 2010, 2043, 
2079, 2115, 2151, 2185, 2220, 2255, 2289, 2323, 2355, 2386, 
2416, 2444, 2474, 2502, 2527, 2553, 2576, 2596, 2617, 2633, 
2652, 2667, 2683, 2694, 2703, 2713, 2719, 2726, 2730, 2730, 
2731, 2728, 2724, 2718, 2709, 2702, 2691, 2676, 2664, 2647, 
2631, 2612, 2590, 2568, 2544, 2520, 2492, 2466, 2438, 2408, 
2378, 2348, 2312, 2283, 2244, 2212, 2177, 2143, 2107, 2072, 
2036, 1999, 1967, 1931, 1896, 1863, 1830, 1792, 1760, 1731, 
1696, 1671, 1639, 1612, 1585, 1559, 1536, 1512, 1490, 1472, 
1452, 1435, 1420, 1406, 1396, 1385, 1379, 1369, 1365, 1362, 
1363, 1361, 1364, 1371, 1376, 1386, 1395, 1408, 1421, 1437, 
1454, 1472, 1492, 1514, 1538, 1564, 1588, 1616, 1644, 1675, 
1704, 1735, 1767, 1801, 1833, 1867, 1903, 1934, 1971, 2011, 
2042, 2078, 2115, 2150, 2183, 2219, 2253, 2287, 2319, 2353, 
2385, 2415, 2444, 2473, 2499, 2527, 2550, 2575, 2596, 2617, 
2635, 2654, 2670, 2684, 2696, 2711, 2716, 2724, 2732, 2732, 
2736, 2736, 2736, 2731, 2725, 2716, 2709, 2700, 2685, 2673, 
2656, 2639, 2619, 2599, 2577, 2555, 2531, 2504, 2476, 2451, 
2420, 2384, 2358, 2324, 2292, 2257, 2224, 2188, 2153, 2117, 
2082, 2047, 2012, 1976, 1941, 1907, 1871, 1839, 1800, 1771, 
1740, 1707, 1678, 1648, 1619, 1592, 1567, 1542, 1518, 1496, 
1476, 1457, 1439, 1425, 1411, 1400, 1389, 1383, 1373, 1367, 
1366, 1364, 1365, 1366, 1370, 1378, 1387, 1394, 1409, 1419, 
1434, 1452, 1471, 1488, 1511, 1535, 1559, 1585, 1612, 1639, 
1669, 1699, 1731, 1762, 1795, 1827, 1863, 1896, 1929, 1966, 
2004, 2037, 2072, 2110, 2143, 2178, 2214, 2246, 2282, 2315, 
2347, 2379, 2411, 2440, 2468, 2498, 2523, 2548, 2571, 2595, 
2616, 2633, 2655, 2670, 2683, 2696, 2709, 2716, 2725, 2732, 
2735, 2739, 2737, 2738, 2734, 2732, 2720, 2715, 2703, 2688, 
2678, 2663, 2643, 2625, 2606, 2583, 2560, 2537, 2510, 2483, 
2455, 2427, 2400, 2367, 2333, 2302, 2264, 2233, 2196, 2163, 
2124, 2091, 2055, 2017, 1984, 1949, 1914, 1879, 1846, 1813, 
1779, 1744, 1714, 1684, 1656, 1627, 1600, 1573, 1548, 1524, 
1502, 1481, 1461, 1446, 1428, 1415, 1401, 1392, 1382, 1376, 
1369, 1364, 1365, 1365, 1367, 1371, 1376, 1385, 1392, 1407, 
1418, 1432, 1448, 1468, 1484, 1506, 1531, 1552, 1580, 1604, 
1634, 1664, 1693, 1723, 1754, 1788, 1821, 1855, 1887, 1923, 
1956, 1993, 2028, 2063, 2099, 2136, 2171, 2205, 2242, 2276, 
2308, 2342, 2372, 2404, 2435, 2463, 2492, 2518, 2544, 2567, 
2591, 2614, 2632, 2651, 2667, 2681, 2695, 2707, 2716, 2723, 
2731, 2736, 2738, 2739, 2738, 2736, 2727, 2723, 2716, 2707, 
2694, 2680, 2664, 2648, 2628, 2611, 2588, 2567, 2542, 2518, 
2492, 2462, 2433, 2404, 2371, 2340, 2305, 2275, 2240, 2204, 
2170, 2136, 2099, 2062, 2027, 1993, 1957, 1923, 1886, 1852, 
1817, 1782, 1743, 1707, 1676, 1646, 1614, 1588, 1560, 1537, 
1512, 1491, 1471, 1452, 1436, 1421, 1407, 1394, 1385, 1378, 
1366, 1366, 1364, 1364, 1364, 1366, 1372, 1382, 1390, 1399, 
1412, 1425, 1439, 1459, 1478, 1500, 1520, 1543, 1567, 1592, 
1619, 1649, 1679, 1709, 1743, 1774, 1805, 1840, 1872, 1907, 
1942, 1977, 2008, 2048, 2086, 2118, 2157, 2190, 2226, 2259, 
2295, 2326, 2360, 2390, 2421, 2451, 2480, 2505, 2532, 2558, 
2579, 2603, 2620, 2640, 2659, 2675, 2687, 2700, 2711, 2720, 
2728, 2734, 2737, 2737, 2741, 2736, 2734, 2727, 2721, 2712, 
2700, 2688, 2672, 2656, 2638, 2620, 2598, 2579, 2553, 2529, 
2502, 2475, 2448, 2417, 2383, 2355, 2322, 2288, 2255, 2220, 
2185, 2151, 2116, 2079, 2046, 2009, 1974, 1937, 1903, 1868, 
1835, 1803, 1768, 1739, 1705, 1676, 1647, 1617, 1590, 1564, 
1540, 1516, 1495, 1476, 1456, 1439, 1424, 1409, 1398, 1386, 
1380, 1372, 1367, 1365, 1364, 1365, 1368, 1374, 1379, 1387, 
1398, 1410, 1423, 1436, 1454, 1473, 1492, 1513, 1539, 1563, 
1590, 1616, 1644, 1675, 1704, 1736, 1766, 1799, 1833, 1867, 
1899, 1935, 1971, 2006, 2042, 2076, 2111, 2147, 2183, 2217, 
2252, 2287, 2319, 2353, 2383, 2416, 2444, 2473, 2499, 2526, 
2552, 2575, 2599, 2620, 2635, 2656, 2672, 2686, 2696, 2711, 
2719, 2727, 2732, 2735, 2737, 2738, 2738, 2732, 2727, 2720, 
2713, 2701, 2689, 2676, 2660, 2643, 2624, 2604, 2582, 2558, 
2534, 2507, 2481, 2452, 2424, 2395, 2364, 2330, 2300, 2263, 
2228, 2193, 2160, 2123, 2089, 2052, 2015, 1982, 1944, 1911, 
1875, 1843, 1809, 1775, 1743, 1713, 1682, 1652, 1624, 1596, 
1569, 1546, 1522, 1500, 1479, 1459, 1443, 1426, 1414, 1400, 
1393, 1381, 1375, 1370, 1364, 1364, 1365, 1368, 1370, 1377, 
1385, 1396, 1407, 1420, 1433, 1451, 1468, 1492, 1512, 1534, 
1560, 1582, 1610, 1639, 1668, 1696, 1728, 1760, 1792, 1825, 
1859, 1891, 1928, 1963, 1998, 2033, 2068, 2105, 2140, 2175, 
2211, 2246, 2279, 2312, 2345, 2377, 2408, 2439, 2467, 2495, 
2521, 2548, 2570, 2591, 2616, 2631, 2652, 2668, 2681, 2695, 
2707, 2716, 2724, 2731, 2736, 2738, 2738, 2739, 2736, 2732, 
2724, 2716, 2707, 2692, 2679, 2664, 2646, 2626, 2609, 2588, 
2563, 2540, 2513, 2488, 2459, 2431, 2400, 2367, 2336, 2305, 
2271, 2238, 2202, 2164, 2129, 2095, 2059, 2023, 1989, 1953, 
1919, 1884, 1851, 1816, 1787, 1751, 1720, 1689, 1659, 1628, 
1602, 1576, 1551, 1526, 1504, 1484, 1464, 1447, 1429, 1416, 
1403, 1393, 1384, 1376, 1373, 1363, 1365, 1365, 1368, 1374, 
1379, 1383, 1393, 1404, 1417, 1431, 1447, 1465, 1485, 1504, 
1527, 1551, 1577, 1604, 1630, 1660, 1692, 1721, 1753, 1786, 
1819, 1852, 1886, 1923, 1955, 1992, 2028, 2059, 2098, 2135, 
2168, 2204, 2238, 2272, 2307, 2339, 2369, 2403, 2435, 2468, 
2499, 2531, 2558, 2585, 2611, 2632, 2652, 2670, 2686, 2700, 
2712, 2720, 2728, 2735, 2737, 2738, 2735, 2732, 2723, 2713, 
2703, 2689, 2675, 2656, 2636, 2615, 2591, 2566, 2539, 2508, 
2478, 2446, 2412, 2371, 2341, 2303, 2265, 2227, 2185, 2145, 
2107, 2064, 2024, 1983, 1943, 1904, 1865, 1824, 1788, 1748, 
1712, 1677, 1641, 1609, 1579, 1547, 1520, 1496, 1472, 1449, 
1430, 1414, 1399, 1383, 1376, 1372, 1367, 1364, 1364, 1366, 
1372, 1380, 1390, 1401, 1418, 1435, 1455, 1476, 1500, 1527, 
1555, 1585, 1616, 1651, 1684, 1720, 1756, 1795, 1835, 1873, 
1915, 1955, 1996, 2036, 2076, 2116, 2702, 2684, 2675, 2660, 
2645, 2625, 2260, 2226, 2189, 2152, 2115, 2079, 2044, 2003, 
1967, 1929, 1892, 1857, 1578, 1550, 1526, 1500, 1479, 1459, 
1439, 1422, 1407, 1393, 1382, 1375, 1364, 1364, 1358, 1357, 
1358, 1360, 1366, 1375, 1383, 1394, 1408, 1422, 1441, 1460, 
1480, 1502, 1524, 1552, 1578, 1608, 1638, 1669, 1702, 1736, 
1768, 1804, 1839, 1874, 1911, 1948, 1985, 2023, 2057, 2097, 
2137, 2172, 2210, 2247, 2283, 2317, 2352, 2385, 2417, 2448, 
2479, 2505, 2531, 2558, 2587, 2605, 2631, 2643, 2662, 2676, 
2691, 2703, 2712, 2718, 2723, 2728, 2729, 2729, 2727, 2721, 
END
2716, 2705, 2694, 2681, 2668, 2650, 2632, 2614, 2591, 2567, 
2542, 2515, 2488, 2459, 2428, 2398, 2364, 2328, 2296, 2259, 
2225, 2186, 2149, 2111, 2076, 2036, 1999, 1963, 1924, 1888, 
1853, 1817, 1783, 1745, 1716, 1676, 1650, 1619, 1592, 1564, 
1539, 1514, 1489, 1470, 1450, 1431, 1416, 1403, 1390, 1382, 
1373, 1367, 1361, 1362, 1361, 1365, 1369, 1376, 1383, 1395, 
1408, 1423, 1439, 1458, 1479, 1503, 1524, 1548, 1575, 1603, 
1632, 1665, 1696, 1731, 1762, 1799, 1833, 1868, 1907, 1942, 
1980, 2016, 2051, 2094, 2127, 2170, 2205, 2241, 2277, 2312, 
2348, 2380, 2414, 2445, 2475, 2502, 2531, 2556, 2582, 2607, 
2624, 2643, 2662, 2676, 2691, 2703, 2713, 2723, 2727, 2731, 
2732, 2733, 2731, 2729, 2723, 2713, 2702, 2635, 2616, 2595, 
2569, 2545, 2519, 2491, 2462, 2431, 2400, 2367, 2331, 2299, 
2260, 2226, 2190, 2152, 2113, 2076, 2039, 2000, 1964, 1926, 
1890, 1855, 1819, 1784, 1748, 1715, 1684, 1651, 1622, 1592, 
1566, 1539, 1513, 1491, 1470, 1451, 1432, 1416, 1404, 1391, 
1384, 1373, 1367, 1362, 1363, 1362, 1365, 1370, 1377, 1384, 
1396, 1410, 1424, 1440, 1459, 1480, 1503, 1523, 1548, 1578, 
1606, 1634, 1667, 1696, 1732, 1764, 1800, 1834, 1870, 1907, 
1943, 1981, 2017, 2052, 2096, 2132, 2168, 2206, 2241, 2279, 
2312, 2348, 2380, 2414, 2445, 2476, 2503, 2531, 2558, 2583, 
2608, 2624, 2646, 2663, 2677, 2691, 2704, 2713, 2723, 2731, 
2732, 2736, 2736, 2732, 2730, 2720, 2715, 2703, 2692, 2679, 
2656, 2643, 2627, 2601, 2580, 2555, 2528, 2500, 2472, 2441, 
2411, 2377, 2343, 2310, 2272, 2238, 2200, 2163, 2126, 2089, 
2051, 2012, 1977, 1937, 1904, 1864, 1831, 1796, 1756, 1728, 
1695, 1662, 1632, 1603, 1574, 1548, 1522, 1499, 1478, 1457, 
1438, 1423, 1407, 1395, 1382, 1380, 1369, 1366, 1364, 1363, 
1364, 1368, 1375, 1383, 1393, 1403, 1420, 1436, 1452, 1474, 
1494, 1520, 1542, 1569, 1597, 1625, 1657, 1689, 1721, 1755, 
1790, 1824, 1860, 1895, 1934, 1972, 2008, 2043, 2083, 2120, 
2159, 2195, 2233, 2270, 2305, 2338, 2372, 2407, 2438, 2468, 
2496, 2526, 2551, 2576, 2599, 2622, 2640, 2659, 2678, 2689, 
2703, 2712, 2723, 2729, 2733, 2735, 2737, 2736, 2730, 2724, 
2718, 2705, 2695, 2680, 2668, 2648, 2630, 2611, 2587, 2563, 
2536, 2510, 2483, 2451, 2422, 2388, 2359, 2319, 2284, 2248, 
2211, 2178, 2137, 2102, 2062, 2025, 1988, 1951, 1913, 1876, 
1841, 1804, 1772, 1736, 1703, 1674, 1639, 1611, 1582, 1555, 
1529, 1505, 1482, 1464, 1443, 1426, 1412, 1399, 1388, 1377, 
1372, 1364, 1364, 1363, 1364, 1367, 1374, 1380, 1391, 1401, 
1416, 1430, 1449, 1468, 1489, 1513, 1535, 1562, 1590, 1619, 
1648, 1679, 1712, 1746, 1780, 1815, 1851, 1884, 1923, 1959, 
1997, 2037, 2071, 2111, 2146, 2185, 2223, 2259, 2295, 2328, 
2364, 2399, 2430, 2460, 2491, 2518, 2543, 2569, 2594, 2616, 
2633, 2655, 2670, 2685, 2699, 2712, 2720, 2727, 2734, 2736, 
2736, 2737, 2734, 2728, 2723, 2712, 2700, 2686, 2671, 2655, 
2635, 2616, 2595, 2568, 2545, 2519, 2492, 2460, 2431, 2398, 
2365, 2329, 2296, 2259, 2224, 2186, 2148, 2112, 2074, 2035, 
1997, 1960, 1924, 1887, 1849, 1811, 1775, 1731, 1692, 1659, 
1626, 1598, 1570, 1542, 1515, 1492, 1472, 1451, 1433, 1420, 
1405, 1392, 1384, 1376, 1368, 1363, 1363, 1361, 1366, 1371, 
1377, 1386, 1396, 1411, 1425, 1440, 1459, 1481, 1502, 1524, 
1550, 1579, 1607, 1633, 1667, 1697, 1732, 1764, 1800, 1835, 
1871, 1907, 1943, 1983, 2020, 2054, 2094, 2131, 2169, 2206, 
2242, 2279, 2315, 2349, 2383, 2416, 2447, 2477, 2505, 2532, 
2559, 2583, 2607, 2627, 2648, 2665, 2679, 2694, 2706, 2718, 
2724, 2731, 2732, 2736, 2736, 2733, 2729, 2723, 2715, 2704, 
2692, 2679, 2663, 2643, 2624, 2604, 2581, 2556, 2529, 2502, 
2475, 2444, 2412, 2379, 2347, 2310, 2275, 2240, 2203, 2165, 
2127, 2090, 2052, 2015, 1977, 1939, 1903, 1866, 1831, 1795, 
1760, 1729, 1695, 1662, 1631, 1602, 1574, 1547, 1522, 1499, 
1478, 1457, 1439, 1423, 1408, 1397, 1385, 1379, 1368, 1367, 
1364, 1363, 1366, 1369, 1375, 1383, 1394, 1406, 1421, 1436, 
1452, 1475, 1495, 1519, 1544, 1570, 1597, 1625, 1658, 1688, 
1722, 1754, 1791, 1824, 1861, 1896, 1933, 1970, 2008, 2046, 
2081, 2121, 2156, 2196, 2233, 2269, 2305, 2339, 2371, 2407, 
2439, 2468, 2496, 2526, 2551, 2575, 2600, 2622, 2640, 2660, 
2675, 2689, 2703, 2714, 2723, 2727, 2734, 2734, 2736, 2737, 
2731, 2725, 2716, 2709, 2695, 2681, 2668, 2649, 2627, 2610, 
2588, 2561, 2537, 2510, 2483, 2451, 2420, 2388, 2355, 2320, 
2286, 2248, 2214, 2176, 2139, 2102, 2061, 2024, 1987, 1951, 
1914, 1877, 1841, 1806, 1772, 1738, 1704, 1673, 1641, 1611, 
1584, 1555, 1530, 1507, 1483, 1464, 1443, 1427, 1412, 1399, 
1388, 1377, 1371, 1366, 1362, 1363, 1363, 1366, 1372, 1380, 
1391, 1402, 1416, 1431, 1448, 1468, 1489, 1511, 1536, 1561, 
1590, 1619, 1648, 1679, 1712, 1745, 1779, 1816, 1851, 1886, 
1921, 1958, 1998, 2035, 2072, 2111, 2148, 2184, 2223, 2259, 
2295, 2329, 2364, 2398, 2430, 2460, 2489, 2517, 2545, 2569, 
2595, 2617, 2636, 2655, 2672, 2685, 2699, 2712, 2719, 2728, 
2734, 2736, 2736, 2736, 2735, 2727, 2719, 2712, 2699, 2687, 
2671, 2656, 2636, 2616, 2593, 2571, 2545, 2519, 2491, 2460, 
2428, 2398, 2364, 2331, 2296, 2259, 2224, 2185, 2148, 2112, 
2073, 2035, 1997, 1961, 1924, 1887, 1852, 1816, 1782, 1746, 
1714, 1680, 1651, 1619, 1592, 1562, 1536, 1512, 1489, 1469, 
1449, 1430, 1417, 1403, 1391, 1382, 1374, 1368, 1363, 1363, 
1363, 1367, 1372, 1377, 1388, 1399, 1412, 1426, 1443, 1462, 
1484, 1505, 1529, 1553, 1580, 1610, 1639, 1671, 1703, 1734, 
1769, 1805, 1840, 1875, 1912, 1950, 1986, 2023, 2062, 2099, 
2137, 2175, 2211, 2248, 2284, 2319, 2353, 2387, 2419, 2451, 
2481, 2510, 2537, 2561, 2586, 2611, 2630, 2651, 2668, 2681, 
2696, 2708, 2717, 2724, 2731, 2736, 2735, 2737, 2734, 2728, 
2721, 2713, 2704, 2691, 2675, 2659, 2641, 2622, 2600, 2577, 
2555, 2527, 2498, 2468, 2439, 2406, 2373, 2340, 
END
