---Starting setup---
allocating ring buffer
bufferMutex created successfully
---finished setup---
Printing Task started
starting ADC Task on core: 1
Trigger at idx=1963 raw=1517
Capture ready: pre-trigger + post-trigger window complete.
TRIGGER TYPE IS: RISING
Sample threshold is: 0

----DEBUG INFO----
Core: 0, Trigger: 1963, Size: 2048
START
1759, 2619, 1374, 2695, 1592, 2193, 2206, 1573, 2683, 1358, 
2584, 1770, 2008, 2435, 1475, 2752, 1451, 2461, 1974, 1810, 
2568, 1372, 2699, 1533, 2252, 2151, 1627, 2675, 1377, 2646, 
1726, 2083, 2366, 1497, 2726, 1404, 2495, 1893, 1866, 2513, 
1397, 2723, 1512, 2336, 2101, 1694, 2650, 1364, 2661, 1652, 
2135, 2296, 1532, 2719, 1388, 2547, 1833, 1943, 2471, 1421, 
2732, 1468, 2390, 2032, 1746, 2607, 1371, 2692, 1605, 2207, 
2235, 1582, 2699, 1371, 2589, 1768, 1999, 2414, 1453, 2732, 
1433, 2441, 1963, 1817, 2569, 1387, 2719, 1557, 2269, 2170, 
1638, 2676, 1366, 2625, 1710, 2064, 2352, 1487, 2724, 1410, 
2502, 1906, 1876, 2525, 1406, 2727, 1509, 2332, 2096, 1685, 
2645, 1363, 2663, 1659, 2140, 2301, 1538, 2723, 1392, 2548, 
1837, 1934, 2467, 1420, 2729, 1468, 2389, 2033, 1745, 2611, 
1372, 2691, 1603, 2205, 2233, 1576, 2696, 1372, 2592, 1774, 
2002, 2419, 1457, 2735, 1436, 2443, 1964, 1803, 2567, 1380, 
2710, 1555, 2268, 2171, 1630, 2676, 1364, 2626, 1712, 2069, 
2360, 1486, 2727, 1413, 2500, 1904, 1871, 2524, 1400, 2722, 
1507, 2326, 2100, 1684, 2648, 1364, 2663, 1657, 2135, 2298, 
1528, 2716, 1388, 2545, 1838, 1935, 2476, 1427, 2739, 1475, 
2390, 2036, 1742, 2604, 1364, 2686, 1605, 2199, 2236, 1583, 
2704, 1379, 2595, 1775, 1999, 2419, 1453, 2734, 1438, 2443, 
1968, 1804, 2575, 1388, 2712, 1555, 2265, 2167, 1627, 2674, 
1361, 2625, 1714, 2068, 2366, 1496, 2734, 1418, 2503, 1899, 
1859, 2510, 1379, 2696, 1498, 2319, 2118, 1700, 2683, 1387, 
2675, 1680, 2132, 2295, 1516, 2712, 1378, 2545, 1840, 1933, 
2479, 1427, 2734, 1472, 2384, 2044, 1754, 2643, 1379, 2707, 
1615, 2214, 2229, 1567, 2699, 1349, 2555, 1753, 1981, 2412, 
1454, 2743, 1465, 2459, 1977, 1807, 2575, 1377, 2702, 1548, 
2249, 2161, 1623, 2678, 1371, 2639, 1733, 2083, 2383, 1494, 
2729, 1407, 2471, 1873, 1817, 2491, 1351, 2700, 1531, 2328, 
2292, 1859, 2845, 1461, 2699, 1677, 2121, 2309, 1531, 2742, 
1406, 2558, 1850, 1934, 2470, 1410, 2720, 1464, 2376, 2027, 
1736, 2624, 1381, 2680, 1626, 2199, 2240, 1575, 2697, 1376, 
2582, 1775, 1994, 2428, 1457, 2744, 1451, 2445, 1976, 1789, 
2565, 1367, 2699, 1548, 2258, 2172, 1632, 2676, 1368, 2624, 
1724, 2059, 2355, 1487, 2725, 1417, 2492, 1916, 1873, 2536, 
1405, 2728, 1516, 2316, 2096, 1667, 2617, 1336, 2649, 1683, 
2169, 2389, 1586, 2779, 1408, 2547, 1832, 1892, 2446, 1383, 
2704, 1467, 2392, 2090, 1798, 2750, 1468, 2738, 1616, 2192, 
2236, 1572, 2702, 1381, 2596, 1788, 2004, 2436, 1458, 2740, 
1446, 2428, 1969, 1784, 2563, 1386, 2727, 1585, 2279, 2192, 
1628, 2684, 1363, 2617, 1718, 2057, 2366, 1484, 2728, 1419, 
2496, 1913, 1864, 2528, 1395, 2719, 1500, 2286, 2104, 1663, 
2678, 1383, 2725, 1699, 2119, 2300, 1484, 2767, 1465, 2460, 
1980, 1811, 2571, 1374, 2700, 1543, 2255, 2161, 1699, 2899, 
1551, 2740, 1864, 2111, 2387, 1459, 2696, 1376, 2463, 1866, 
1827, 2512, 1405, 2702, 1527, 2307, 2144, 1717, 2684, 1560, 
2840, 1752, 2201, 2347, 1563, 2724, 1353, 2481, 1761, 1769, 
2382, 1348, 2718, 1499, 2445, 2129, 1809, 2665, 1394, 2687, 
1606, 2167, 2206, 1540, 2697, 1384, 2633, 1806, 2041, 2505, 
1511, 2736, 1411, 2417, 1945, 1773, 2561, 1382, 2699, 1558, 
2262, 2170, 1626, 2676, 1365, 2624, 1716, 2062, 2371, 1494, 
2739, 1423, 2503, 1908, 1863, 2525, 1396, 2720, 1515, 2325, 
2115, 1685, 2639, 1365, 2657, 1665, 2128, 2301, 1534, 2719, 
1390, 2542, 1846, 1932, 2479, 1424, 2734, 1473, 2385, 2038, 
1736, 2609, 1364, 2684, 1604, 2195, 2240, 1582, 2707, 1381, 
2590, 1781, 1995, 2417, 1444, 2725, 1433, 2436, 1970, 1798, 
2581, 1391, 2720, 1564, 2265, 2175, 1624, 2674, 1356, 2613, 
1711, 2054, 2354, 1483, 2732, 1419, 2502, 1919, 1870, 2543, 
1407, 2747, 1542, 2332, 2062, 1453, 2457, 1140, 2584, 1612, 
2125, 2297, 1536, 2725, 1398, 2547, 1848, 1925, 2465, 1422, 
2727, 1472, 2401, 2055, 1758, 2639, 1382, 2703, 1614, 2184, 
2227, 1556, 2691, 1376, 2592, 1788, 1995, 2428, 1447, 2724, 
1443, 2415, 1953, 1764, 2588, 1418, 2823, 1657, 2297, 2217, 
1639, 2697, 1372, 2616, 1716, 2042, 2360, 1480, 2723, 1419, 
2484, 1908, 1859, 2518, 1383, 2712, 1529, 2334, 2126, 1691, 
2659, 1372, 2673, 1660, 2126, 2324, 1521, 2703, 1372, 2532, 
1838, 1944, 2481, 1398, 2731, 1476, 2371, 2040, 1725, 2615, 
1369, 2683, 1611, 2190, 2238, 1576, 2702, 1383, 2593, 1807, 
2008, 2409, 1483, 2755, 1443, 2440, 1980, 1800, 2563, 1374, 
2724, 1572, 2300, 2213, 1679, 2724, 1400, 2617, 1713, 2071, 
2382, 1517, 2779, 1468, 2511, 1907, 1812, 2515, 1407, 2647, 
1515, 2366, 2168, 1694, 2736, 1743, 3291, 2036, 2390, 2571, 
2011, 3129, 1623, 2334, 1779, 1752, 2125, 1237, 2535, 1538, 
2511, 2255, 1958, 2825, 1671, 2747, 1620, 2268, 2297, 1599, 
2728, 1383, 2588, 1780, 1982, 2422, 1444, 2743, 1447, 2444, 
1989, 1800, 2577, 1378, 2702, 1560, 2249, 2173, 1614, 2673, 
1363, 2622, 1731, 2059, 2375, 1487, 2734, 1411, 2487, 1908, 
1856, 2532, 1399, 2727, 1529, 2336, 2127, 1679, 2636, 1333, 
2600, 1611, 2072, 2272, 1518, 2839, 1577, 2830, 2474, 2500, 
2467, 1244, 2619, 1336, 2299, 2030, 1708, 2715, 1540, 2911, 
2156, 2676, 2830, 1898, 2807, 1428, 2586, 1704, 1758, 2182, 
1254, 2499, 1152, 2222, 1946, 1842, 2671, 1484, 2823, 1620, 
2300, 2220, 1656, 2684, 1388, 2588, 1685, 1881, 2026, 1121, 
2488, 1383, 2473, 1926, 1872, 2541, 1400, 2711, 1508, 2302, 
2092, 1639, 2635, 1359, 2656, 1706, 2159, 2390, 1646, 2878, 
1577, 2568, 1715, 1812, 2395, 1379, 2723, 1511, 2436, 2130, 
1848, 2741, 1425, 2635, 1513, 1883, 1679, 1271, 2595, 1382, 
2608, 1855, 2049, 2527, 1753, 3491, 1456, 1795, 1559, 1470, 
2369, 1317, 2661, 1614, 2234, 2302, 1818, 3039, 1907, 3340, 
2712, 3087, 3440, 2443, 3554, 2185, 3002, 2231, 1834, 2153, 
941, 2403, 1680, 2712, 2695, 2255, 3214, 1919, 3080, 2228, 
2319, 2477, 1587, 2873, 1672, 2763, 2087, 2300, 3071, 2303, 
3571, 2271, 2737, 2301, 1940, 2625, 1139, 2076, 870, 1246, 
1376, 915, 2149, 1189, 2488, 1868, 2072, 2467, 1454, 2759, 
1506, 2508, 2080, 1880, 2795, 1875, 2841, 1744, 2431, 2309, 
1351, 1902, 287, 1707, 663, 2176, 1176, 2031, 1672, 1295, 
2049, 985, 2515, 1443, 2149, 2032, 1950, 3001, 1849, 3499, 
3011, 2266, 2527, 1800, 3084, 1712, 2604, 1413, 757, 2486, 
1388, 2691, 1462, 2345, 2051, 1747, 2658, 1451, 2762, 1740, 
2448, 3072, 2367, 3342, 1426, 2592, 1819, 1966, 2438, 1411, 
2687, 1359, 2324, 2040, 1880, 2926, 1799, 2931, 1552, 1695, 
1162, 102, 766, 0, 1517, 1340, 1431, 2280, 2150, 1426, 
2631, 1428, 2155, 2291, 1426, 2712, 1648, 2094, 2529, 2102, 
1219, 2572, 2106, 2068, 3086, 1972, 3055, 2519, 1866, 2579, 
1016, 1641, 1388, 624, 1900, 985, 1969, 2313, 1686, 2795, 
1458, 1798, 2327, 1656, 3059, 2198, 2440, 3118, 2068, 3416, 
2939, 3063, 3854, 2419, 3254, 2508, 2239, 3180, 2052, 3172, 
3155, 2920, 4086, 2873, 3504, 3359, 2828, 3985, 2644, 2967, 
2906, 1882, 3029, 2296, 2998, 3796, 3175, 4091, 4056, 1974, 
2560, 1399, 2620, 1857, 1807, 2623, 1335, 2485, 1920, 1632, 
2627, 1377, 2419, 2176, 2159, 4088, 3051, 2299, 2238, 1491, 
2716, 1534, 2168, 2362, 1419, 2705, 1636, 2043, 2483, 1391, 
2659, 1748, 1919, 2623, 1448, 2664, 1905, 1783, 2557, 1159, 
2260, 1827, 1504, 2207, 2, 1073, 1937, 2284, 3824, 2710, 
3328, 3320, 2359, 3372, 2072, 2564, 3196, 2831, 4091, 3974, 
2024, 2510, 1390, 2666, 1775, 1878, 2575, 1335, 2551, 1863, 
1732, 2648, 1375, 2494, 2051, 1662, 2737, 1436, 2378, 2161, 
1525, 2718, 1470, 2230, 2287, 1446, 2716, 1579, 2131, 2428, 
1437, 2720, 1703, 2003, 2534, 1372, 2632, 1779, 2608, 1408, 
2161, 2391, 1770, 3944, 1664, 2101, 2495, 1414, 2682, 1737, 
1916, 2529, 1326, 2596, 1820, 1772, 2578, 1346, 2547, 2032, 
1813, 2832, 1852, 3128, 3144, 2649, 3513, 1961, 2359, 1972, 
846, 1868, 760, 1482, 2001, 1254, 2716, 1900, 2338, 2778, 
1628, 2689, 1628, 1593, 2155, 708, 1843, 1862, 2503, 3999, 
3047, 4072, 3510, 3069, 3791, 2453, 3216, 2879, 2397, 3361, 
2294, 3096, 3263, 2608, 3838, 2744, 3167, 3070, 1615, 2807, 
1826, 2125, 2614, 1452, 2707, 1816, 1871, 2607, 1391, 2713, 
2551, 2528, 2711, 1438, 2541, 2096, 1651, 2579, 1015, 1648, 
1688, 1079, 2288, 1166, 2103, 2542, 2532, 4089, 1586, 2127, 
2428, 1414, 2702, 1684, 1980, 2516, 1363, 2629, 1791, 1841, 
2608, 1369, 2572, 1941, 1747, 2684, 1387, 2472, 2064, 1612, 
2694, 1399, 2319, 2165, 1481, 2716, 1496, 2251, 2350, 1490, 
2754, 1619, 2106, 2447, 1383, 2686, 1676, 1911, 2511, 1343, 
2655, 1926, 1916, 2691, 1420, 2558, 1958, 1680, 2646, 1355, 
2412, 2067, 1599, 2763, 1500, 2423, 2329, 1568, 2751, 1448, 
2085, 2300, 1403, 2719, 1630, 2076, 2490, 1397, 2713, 1739, 
1941, 2575, 1369, 2504, 1892, 1656, 2680, 1388, 2503, 2159, 
1646, 2771, 1461, 2324, 2181, 1482, 2688, 1493, 2174, 2340, 
1453, 2757, 1625, 2081, 2483, 1391, 2685, 1769, 1948, 2588, 
1401, 2611, 1862, 1799, 2598, 1312, 2456, 1931, 1641, 2675, 
1411, 2464, 2161, 1632, 2788, 1511, 2318, 2210, 1436, 2665, 
1465, 2127, 2362, 1484, 2808, 1764, 2122, 2616, 1467, 2711, 
1760, 1840, 2516, 1257, 2526, 1839, 1784, 2680, 1395, 2551, 
2037, 1664, 2700, 1396, 2380, 2133, 1549, 2723, 1472, 2288, 
2283, 1482, 2748, 1571, 2151, 2406, 1423, 2706, 1667, 2019, 
2508, 1368, 2631, 1760, 1857, 2580, 1347, 2575, 1909, 1761, 
2678, 1414, 2496, 2056, 1648, 2719, 1433, 2377, 2174, 1543, 
2742, 1492, 2232, 2316, 1461, 2727, 1574, 2116, 2427, 1417, 
2728, 1716, 1996, 2534, 1355, 2591, 1736, 1793, 2559, 1356, 
2550, 1977, 1770, 2704, 1435, 2499, 2096, 1615, 2691, 1417, 
2328, 2188, 1513, 2736, 1512, 2219, 2339, 1454, 2727, 1600, 
2083, 2443, 1388, 2685, 1712, 1958, 2554, 1383, 2633, 1828, 
1829, 2616, 1379, 2542, 1968, 1712, 2688, 1403, 2448, 2094, 
1588, 2720, 1441, 2318, 2224, 1496, 2740, 1524, 2210, 2362, 
1445, 2733, 1620, 2064, 2471, 1382, 2669, 1728, 1927, 2553, 
1351, 2602, 1857, 1802, 2643, 1385, 2542, 2007, 1691, 2702, 
1398, 2424, 2106, 1564, 2721, 1456, 2299, 2260, 1492, 2740, 
1548, 2172, 2377, 1428, 2708, 1639, 2029, 2483, 1370, 2659, 
1752, 1895, 2579, 1361, 2599, 1880, 1775, 2670, 1384, 2527, 
2024, 1671, 2710, 1418, 2394, 2148, 1548, 2731, 1462, 2268, 
2282, 1477, 2736, 1559, 2140, 2405, 1411, 2701, 1659, 2019, 
2523, 1386, 2661, 1789, 1875, 2585, 1342, 2560, 1888, 1735, 
2673, 1395, 2536, 2101, 1681, 2761, 1465, 2396, 2195, 1529, 
2735, 1456, 2236, 2318, 1479, 2744, 1594, 2086, 2398, 1377, 
2667, 1680, 1972, 2546, 1412, 2652, 1872, 1898, 2667, 1408, 
2541, 1891, 1696, 2639, 1384, 2475, 2111, 1632, 2756, 1435, 
2332, 2182, 1471, 2680, 1493, 2208, 2352, 1459, 2752, 1603, 
2086, 2388, 1308, 2600, 1684, 1948, 2582, 1414, 2667, 1901, 
1871, 2679, 1404, 2523, 1920, 1663, 2648, 1360, 2395, 2079, 
1556, 2723, 1471, 2269, 2204, 1452, 2752, 1691, 2441, 2672, 
1775, 3034, 1839, 2136, 2439, 1246, 2456, 1583, 1763, 2411, 
1224, 2534, 1844, 1763, 2735, 1415, 2536, 2073, 1727, 2753, 
1475, 2484, 2175, 1595, 2744, 1436, 2253, 2209, 1437, 2707, 
1529, 2168, 2388, 1435, 2735, 1667, 2042, 2496, 1378, 2656, 
1755, 1887, 2588, 1363, 2599, 1884, 1778, 2667, 1377, 2505, 
2031, 1653, 2700, 1414, 2393, 2145, 1550, 2735, 1469, 2260, 
2275, 1460, 2726, 1562, 2144, 2411, 1430, 2703, 1679, 2003, 
2515, 1378, 2654, 1791, 1888, 2628, 1370, 2583, 1935, 1734, 
2686, 1383, 2472, 2036, 1617, 2697, 1432, 2379, 2204, 1551, 
2763, 1511, 2253, 2322, 1450, 2719, 1571, 2087, 2401, 1405, 
2689, 1696, 1995, 2537, 1384, 2699, 1949, 2140, 3291, 2199, 
3201, 2404, 2099, 2944, 1690, 2564, 2216, 1646, 2374, 862, 
1384, 1126, 615, 1820, 727, 1426, 2003, 1662, 3172, 2403, 
2736, 2951, 1875, 3014, 1852, 2039, 2539, 1495, 2695, 2058, 
2108, 2912, 1764, 2799, 1969, 1411, 2328, 1527, 2823, 2648, 
1915, 2772, 1448, 2215, 2064, 1287, 2479, 1315, 2092, 2438, 
1833, 3259, 2475, 3036, 3512, 2412, 3404, 2063, 2003, 2707, 
1510, 2684, 1906, 1791, 2639, 1353, 2496, 2027, 1704, 2782, 
1508, 2483, 2256, 1656, 2790, 1512, 2271, 2213, 1424, 2555, 
1302, 1921, 2316, 1420, 2774, 1817, 2213, 2627, 1525, 2727, 
1840, 1796, 2665, 1599, 2841, 2307, 2166, 3092, 1793, 2615, 
2088, 1393, 2295, 1014, 2083, 2151, 1748, 3071, 1930, 2582, 
2657, 1650, 2700, 1602, 2087, 2342, 1451, 2800, 1489, 2590, 
1752, 1912, 2457, 1225, 2455, 1454, 1940, 2459, 1928, 3417, 
2296, 2616, 2852, 1535, 2563, 1547, 1633, 2324, 1144, 2395, 
END
1719, 1739, 2691, 1518, 2769, 2287, 1870, 2756, 1681, 2828, 
2562, 1860, 2856, 1457, 2030, 1900, 992, 2327, 1375, 2176, 
2443, 1579, 2884, 1763, 2159, 2539, 1419, 2652, 1695, 1863, 
2527, 1308, 2567, 1843, 1780, 2686, 1417, 2623, 2152, 1740, 
2803, 1472, 2472, 2215, 1619, 2785, 1457, 2243, 2224, 1431, 
2691, 1527, 2108, 2372, 1392, 2710, 1697, 2110, 2612, 1533, 
2860, 2032, 2105, 2735, 1313, 2240, 1505, 1387, 2236, 923, 
2146, 1899, 1629, 2828, 1571, 2365, 2065, 1445, 2435, 1268, 
2119, 2236, 1615, 2968, 1911, 2364, 2528, 1365, 
END
